// Jest Snapshot v1, https://goo.gl/fbAQLP

exports[`should render NotFoundPage correctly 1`] = `
<div>
  <div
    className="page-header"
  >
    <div
      className="content-container"
    >
      <h1
        className="page-header__title not-found-header center-all"
      >
        Oops! You found a 404 page.
      </h1>
    </div>
  </div>
  <div
    className="content-container not-found-container"
  >
    <img
      alt="page not found"
      className="not-found-image"
      src="test-file-stub"
    />
    <div
      className="center-all not-found-link-container"
    >
      <Link
        className="not-found-link"
        to="/app"
      >
        Get me out of here
      </Link>
    </div>
  </div>
</div>
`;
